Jeremie
Queen
Kenneth Klocko III
Roy Langosh V
Dr. Daryl Nolan Jr.
Miss Zelda Schoen
Ms. Emma Carter DDS
Christop Collier Jr.
Leo
Kayley Ernser
Kelsi Champlin MD
Baylee McCullough
Miss Sylvia Stracke I
Katlyn Runte
Pattie
Unique Weissnat
Brain
Macie Beatty
Prof. Kasey Turner I
Martin
Treva Erdman II
Dr. Andre Kuhic
D’angelo Bogan
Thomas Morar
Claudine Terry
Mrs. Delfina Boyle V
Mathias Kreiger
Gilda
Onie
Elisha Heller
albert
Jordi
Dr. Macey Sipes
Margie Streich
Dr. Gennaro Wolf
Miss Lori Dietrich
Audra
Daphnee Daugherty
Elnora Price
Carleton
Judson Stiedemann
Mr. Enid Kautzer
Birdie Runolfsson
Prof. Jerome Reinger
Prof. Noel Kihn
Mr. Jevon Morar
Horace Fadel Jr.
Titus Robel III
Ms. Ardith Berge II
Zoila Wintheiser I
Prof. Katelin Bins
Mr. Uriel Sporer Sr.
Patrick Raynor
Wilton Balistreri
Kristofer Lindgren
Raphaelle
Randi
Larissa
Golda Roberts
Mibi
Dario Medhurst
Izabella Mosciski
Gideon
Tyreek
Yvette Bruen II
A WordPress Commenter
Benny Rodriguez Jr.
Nikita Kuhic DDS
Brigitte
Natalia Huel
Marion Emmerich
Mr. Haskell Zulauf
Jamaal Rodriguez
Beryl Bruen MD
Mr. Arturo Hessel V
Abdul Schinner Jr.
Mrs. Anabel Quitzon
Prof. Vincenza Hermiston
Jordane
Dr. Anibal Thompson
Felicita
Zachariah Von
Mrs. Robyn Spinka
Monserrate Reichel
Katelyn Kreiger
Sincere Harvey II
Nathanael Mraz
Maida Kling II
Prof. Isabel Deckow
Louvenia Heaney
Dr. Caterina Cormier
Madeline Johnston Jr.
Cristina Bayer PhD
Laisha
Prof. Kasandra Stoltenberg II
Coy
Theresia Bartell I
Wilmer
Domingo Reinger
Jayme
Melba Champlin
Brayan
Dr. Berenice Gaylord
