Miss Lori Dietrich
Carleton
Yvette Bruen II
Miss Sylvia Stracke I
Jayme
Judson Stiedemann
Prof. Kasey Turner I
Nathanael Mraz
Elisha Heller
Mrs. Delfina Boyle V
Pattie
Katelyn Kreiger
Mr. Uriel Sporer Sr.
Horace Fadel Jr.
Leo
Sincere Harvey II
Dr. Andre Kuhic
Jamaal Rodriguez
Martin
Thomas Morar
Kelsi Champlin MD
Mrs. Robyn Spinka
Audra
Felicita
Jeremie
Mr. Haskell Zulauf
Marion Emmerich
Madeline Johnston Jr.
Queen
Nikita Kuhic DDS
Kristofer Lindgren
Domingo Reinger
Ms. Ardith Berge II
Ms. Emma Carter DDS
D’angelo Bogan
Roy Langosh V
Mr. Jevon Morar
Brain
Treva Erdman II
Brigitte
Dr. Anibal Thompson
Gilda
Maida Kling II
Cristina Bayer PhD
Theresia Bartell I
Macie Beatty
Benny Rodriguez Jr.
Monserrate Reichel
Abdul Schinner Jr.
Christop Collier Jr.
Katlyn Runte
Prof. Vincenza Hermiston
Dr. Daryl Nolan Jr.
Mathias Kreiger
Elnora Price
Izabella Mosciski
Beryl Bruen MD
Wilmer
Wilton Balistreri
Jordane
Mrs. Anabel Quitzon
Titus Robel III
Dario Medhurst
Mr. Enid Kautzer
Coy
Arvid
Prof. Kasandra Stoltenberg II
Margie Streich
Claudine Terry
Laisha
A WordPress Commenter
Patrick Raynor
Kayley Ernser
Mibi
Melba Champlin
Daphnee Daugherty
Golda Roberts
Birdie Runolfsson
Prof. Jerome Reinger
Zoila Wintheiser I
Unique Weissnat
Zachariah Von
Dr. Berenice Gaylord
Natalia Huel
Prof. Katelin Bins
Gideon
Prof. Noel Kihn
Randi
Kenneth Klocko III
Larissa
Jordi
Mr. Arturo Hessel V
Dr. Caterina Cormier
Louvenia Heaney
Onie
Baylee McCullough
Dr. Gennaro Wolf
Miss Zelda Schoen
Raphaelle
Dr. Macey Sipes
Tyreek
Prof. Isabel Deckow
