PageQuibusdam!
nesciuntCulpa
quiAspern@tur
eumVoluptates!
vitaePari@tur!
PageAssumenda!
molesti@eQuis!
modi@ccusamus
maioresMinim@
solutaTempora!
l@boreQu@erat
molesti@eFug@
l@boreQu@er@t
molesti@eFuga
enimM@iores@d!
impeditBeat@e!
teneturVeni@m
s@pienteSaepe!
accus@musSint!
modi@ccus@mus!
blanditiisAut
veni@mL@borum!
vit@ePari@tur
impeditBe@t@e
reiciendisEum
modi@ccusamus!
quasCommodiId!
blanditiis@ut
@spern@turEum
vit@ePariatur
vit@ePari@tur!
velVolupt@tem
explic@boIure
voluptasMagni!
molesti@sSint!
quamVerit@tis!
providentSunt
ducimusSolut@
repell@tAtque
volupt@sMagni
modiAccus@mus
culp@Incidunt
blanditiis@ut!
vitaePariatur
inConsequ@tur
similiqueQuis
volupt@tem@ut!
voluptasMagni
Page@ssumend@!
aut@rchitecto!
voluptatemAut!
autArchitecto!
impeditBe@t@e!
modiAccusamus
PageQuibusd@m
vitaeP@riatur!
P@geProvident!
cupiditateSit!
qui@spern@tur!
molestiasQui@!
nostrumMagn@m!
@utArchitecto
fugitQuisquam
s@pienteS@epe
voluptasM@gni
inventoreQu@e
HackingPython!
molestiaeFug@!
explicaboIure
solut@Tempor@
molestiaeQuis
PageAssumenda
voluptatemAut
l@boreQu@erat!
molesti@sQui@!
etDelenitiVel
voluptasM@gni!
vit@eP@ri@tur
enimMaioresAd
laboreDolores
accus@musSint
PageQuibusdam
solut@Tempor@!
sitReiciendis!
vitaeP@ri@tur!
s@pienteS@epe!
molesti@eFuga!
molesti@eQuis
eumVolupt@tes!
officiaDolore
quamVerit@tis
volupt@sMagni!
vit@eP@riatur!
errorQuisqu@m
volupt@sM@gni
PageAssumend@!
recus@ndaeEst!
ducimusSoluta!
qui@spernatur
qui@rchitecto
veniamLaborum
nostrumLabore!
molestiasSint!
culp@Incidunt!
inventoreQu@e!
offici@Dolore!
repell@tAtque!
inciduntAutem!
P@ge@ssumenda
H@ckingPython!
recusandaeEst
animiExpedit@!
explicaboIure!
estTemporibus
aspernaturEum
possimusMinus!
recusandaeEst!
vitaeP@riatur
bl@nditiisEum
molesti@sQui@
nostrumMagnam
vit@eP@riatur
molestiasQui@
P@geQuibusd@m
inConsequatur!
etDelenitiVel!
eumVoluptates
velVolupt@tem!
cum@spernatur!
maioresMinima!
nesciuntCulp@
molestiaeFug@
quiArchitecto
isteMolestiae
@nimiExpedita!
molesti@sSint
volupt@temAut!
reiciendisEum!
maioresMinima
teneturVeniam!
volupt@temSit
s@pienteSaepe
l@boreQuaer@t
veniamLaborum!
m@ioresMinima!
voluptatemSit!
sapienteSaepe!
omnisRepellat
enimM@ioresAd
voluptatemSit
officiaDolore!
nostrumM@gnam!
sapienteS@epe!
l@boreQuaerat
P@ge@ssumend@!
m@ioresMinim@
m@ioresMinima
laboreQu@er@t!
volupt@temAut
isteMolesti@e!
volupt@sM@gni!
blanditiisEum!
qui@spernatur!
vertraulichen
bl@nditiisAut!
qu@mVerit@tis!
qu@mVerit@tis
estTemporibus!
eaqueIncidunt
nostrumMagnam!
errorQuisquam!
molestiasQuia!
qu@mVeritatis
maioresMinim@!
l@boreDolores
cupidit@teSit!
recus@nd@eEst
recus@ndaeEst
laboreQuaerat
animiExpedita
modi@ccus@mus
P@geAssumend@
nostrumM@gn@m!
enimMaiores@d
vit@eP@ri@tur!
vertr@ulichen
Page@ssumenda
recusand@eEst!
PageProvident
offici@Dolore
incidunt@utem
autArchitecto
cumAspern@tur
repellat@tque!
fugitQuisquam!
laboreQuaerat!
dict@Possimus!
impeditBeatae!
@spernaturEum
l@boreQuaerat!
vit@ePariatur!
laboreQuaer@t!
bl@nditiis@ut
@dipisciDolor
blanditiisAut!
molesti@sQuia!
errorQuisqu@m!
@utArchitecto!
P@geQuibusdam
accusamusSint!
P@ge@ssumenda!
isteMolestiae!
molestiaeFuga
repellatAtque!
qu@mVeritatis!
@ut@rchitecto
enimM@iores@d
aspernaturEum!
nesciuntCulpa!
quamVeritatis
nostrumL@bore!
nostrumM@gnam
@dipisciDolor!
inConsequ@tur!
enimMaioresAd!
volupt@temSit!
@ccusamusSint!
laboreQu@er@t
cupiditateSit
fugitQuisqu@m!
@nimiExpedita
optioPorroSed
similiqueQuis!
@spernaturEum!
laboreDolores!
inventoreQuae!
ducimusSolut@!
cum@spernatur
qu@sCommodiId!
repellat@tque
nostrumL@bore
vertraulichen!
veni@mL@borum
culpaIncidunt!
m@ioresMinim@!
fugi@tDebitis
nostrumM@gn@m
bl@nditiis@ut!
vertr@ulichen!
velVoluptatem
possimusMinus
repell@t@tque!
cum@spern@tur!
molestiaeQuis!
l@boreQu@er@t!
fugiatDebitis!
impeditBeat@e
@nimiExpedit@
laboreQuaer@t
animiExpedit@
fugitQuisqu@m
modiAccus@mus!
errorQuisquam
voluptatem@ut
recusand@eEst
quiAspernatur!
@ccusamusSint
solut@Tempora
providentSunt!
@spern@turEum!
Page@ssumenda!
HackingPython
impeditBe@tae
fugi@tDebitis!
qui@spern@tur
Page@ssumend@
solutaTempor@!
undeInventore!
nesciuntCulp@!
quiArchitecto!
qui@rchitecto!
quasCommodiId
adipisciDolor
undeInventore
molesti@sQuia
repell@t@tque
nostrumLabore
inventoreQuae
solut@Tempora!
cupidit@teSit
quiAspern@tur!
quiAspernatur
laboreQu@erat
P@geQuibusd@m!
enimM@ioresAd!
qu@sCommodiId
inciduntAutem
cum@spern@tur
dict@Possimus
omnisRepellat!
eumVolupt@tes
cumAspern@tur!
solutaTempora
molestiasQuia
vitaeP@ri@tur
dictaPossimus
PageQuibusd@m!
P@geAssumenda!
P@geQuibusdam!
veni@mLaborum
P@ge@ssumend@
molestiaeFuga!
recus@nd@eEst!
explic@boIure!
optioPorroSed!
modiAccusamus!
eaqueIncidunt!
H@ckingPython
vitaePari@tur
l@boreDolores!
P@geAssumenda
blanditiisEum
animiExpedita!
enimMaiores@d!
P@geAssumend@!
cumAspernatur
cumAspernatur!
bl@nditiisEum!
aspern@turEum
molesti@eFug@!
omnisRepell@t
teneturVeni@m!
@ccus@musSint!
omnisRepell@t!
fugiatDebitis
aspern@turEum!
l@boreQuaer@t!
inConsequatur
P@geProvident
accusamusSint
sapienteS@epe
veni@mLaborum!
impeditBeatae
repellatAtque
isteMolesti@e
quamVeritatis!
vitaePariatur!
@nimiExpedit@!
laboreQu@erat!
aut@rchitecto
bl@nditiisAut
PageAssumend@
e@queIncidunt
volupt@tem@ut
adipisciDolor!
veniamL@borum
molestiasSint
culpaIncidunt
e@queIncidunt!
voluptatem@ut!
PageProvident!
sapienteSaepe
incidunt@utem!
@ut@rchitecto!
teneturVeniam
sitReiciendis
impeditBe@tae!
ducimusSoluta
nostrumMagn@m
solutaTempor@
@ccus@musSint
dictaPossimus!
veniamL@borum!
velVoluptatem!
