omnisSolutaEt
undeInventore
molesti@sSint
volupt@sM@gni
isteMolesti@e!
velitQuisqu@m
@ccusamusSint
molesti@eQuis!
impeditBe@t@e
repudi@ndaeEt
vit@eP@riatur!
aspern@turEum
enimM@ioresAd!
veniamLaborum
cupiditateSit!
accusamusSint
P@geQuibusd@m
molestiaeFuga
m@ioresMinima
nesciuntCulp@
volupt@sMagni!
blanditiisAut
repellat@tque
molestiaeFuga!
modiAccus@mus!
solut@Tempora
PageQuibusd@m
solut@Tempor@
qui@spern@tur!
explic@boIure!
P@geAssumend@!
offici@Dolore
incidunt@utem!
animiExpedit@!
vit@eP@ri@tur
molestiasQuia!
inventoreQu@e
qui@spern@tur
ducimusSolut@!
m@ioresMinim@
animiExpedit@
P@geProvident!
fugi@tDebitis
ducimusSoluta!
recus@nd@eEst
voluptasM@gni
veni@mLaborum
inventoreQuae
velitQuisquam
omnisRepell@t!
qu@mVeritatis!
laborumSoluta
PageQuibusdam
@dipisciDolor
sapienteS@epe
l@borumSolut@
aspernaturEum
enimMaiores@d!
volupt@sMagni
laboreQu@er@t!
l@boreDolores!
laboreQuaerat!
teneturVeniam!
vertraulichen
isteMolestiae!
repudi@nd@eEt
quamVerit@tis!
offici@Dolore!
fugiatDebitis
impeditBeat@e!
PageAssumenda!
cumAspern@tur!
laboreQuaerat
P@geQuibusdam!
ducimusSoluta
vitaeP@ri@tur!
e@queIncidunt!
modiAccus@mus
inventoreQu@e!
vit@eP@riatur
possimusMinus
inConsequ@tur
@utArchitecto!
l@boreDolores
m@ioresMinim@!
omnisRepellat!
laboreDolores!
fugiatDebitis!
incidunt@utem
fugi@tDebitis!
PageAssumenda
fugitQuisquam!
providentSunt!
eumVolupt@tes!
reiciendisEum!
repellat@tque!
recusandaeEst!
molestiaeQuis
laboreQu@erat
teneturVeni@m
vertr@ulichen
nostrumL@bore!
providentSunt
molesti@eFuga
velVolupt@tem!
inConsequatur!
@spern@turEum
bl@nditiisEum
laboreQuaer@t!
nostrumM@gnam
volupt@temSit!
repellatAtque
maioresMinima!
volupt@sM@gni!
volupt@tem@ut
enimM@ioresAd
PageProvident!
H@ckingPython!
repudiandaeEt!
omnisSolut@Et
blanditiisEum!
reiciendisEum
@spern@turEum!
enimM@iores@d!
molesti@sQui@!
s@pienteS@epe!
molestiaeFug@!
molesti@sQuia!
optioPorroSed!
P@geProvident
qui@rchitecto
molesti@eFug@!
repell@t@tque!
blanditiisAut!
molestiasQui@
aut@rchitecto
fugitQuisquam
nostrumLabore!
impeditBeatae!
vertraulichen!
molesti@eQuis
cumAspern@tur
eumVolupt@tes
voluptatemSit!
vertr@ulichen!
enimMaiores@d
nesciuntCulpa
laborumSolut@
omnisRepell@t
undeInventore!
repell@t@tque
accusamusSint!
nostrumM@gn@m!
errorQuisquam!
qui@spernatur!
impeditBeat@e
culpaIncidunt
explicaboIure!
veni@mLaborum!
enimMaioresAd!
nostrumMagnam
l@boreQuaer@t
sitReiciendis!
fugitQuisqu@m
solut@Tempora!
veni@mL@borum!
errorQuisqu@m!
modi@ccusamus
repudiand@eEt
culp@Incidunt!
accus@musSint
l@borumSolut@!
molestiasSint
quamVeritatis
explicaboIure
isteMolestiae
laboreQu@erat!
HackingPython!
Page@ssumend@
adipisciDolor
sapienteSaepe
velVolupt@tem
l@borumSoluta
vitaePari@tur
PageAssumend@!
inConsequatur
nostrumM@gn@m
solutaTempor@
nesciuntCulp@!
qu@mVerit@tis
@spernaturEum
cum@spern@tur!
l@boreQu@er@t!
volupt@temAut
recusand@eEst
solutaTempora!
cupiditateSit
s@pienteSaepe!
l@boreQuaer@t!
voluptatemAut!
omnisSolut@Et!
estTemporibus!
voluptatemAut
blanditiis@ut
s@pienteSaepe
HackingPython
quiAspernatur!
eaqueIncidunt!
cum@spernatur!
vitaeP@riatur
s@pienteS@epe
@ccusamusSint!
vitaePari@tur!
veniamL@borum
velVoluptatem!
aspern@turEum!
officiaDolore!
@spernaturEum!
molestiasQui@!
qu@mVerit@tis!
errorQuisquam
dict@Possimus!
autArchitecto
cumAspernatur
vitaeP@ri@tur
P@geQuibusd@m!
l@boreQu@erat
@nimiExpedita
nostrumL@bore
repell@tAtque!
modiAccusamus!
sapienteSaepe!
@nimiExpedita!
omnisSolutaEt!
eaqueIncidunt
veni@mL@borum
@utArchitecto
etDelenitiVel!
similiqueQuis!
Page@ssumenda
vitaeP@riatur!
repudiandaeEt
voluptatem@ut!
velitQuisqu@m!
quasCommodiId!
velVoluptatem
quiArchitecto
laboreQuaer@t
bl@nditiisAut
cum@spernatur
voluptatemSit
recus@nd@eEst!
enimMaioresAd
solut@Tempor@!
quiAspern@tur!
cumAspernatur!
repudi@ndaeEt!
impeditBe@tae!
volupt@tem@ut!
l@boreQu@erat!
bl@nditiisAut!
repellatAtque!
similiqueQuis
Page@ssumend@!
laborumSolut@!
recusand@eEst!
solutaTempora
qu@mVeritatis
l@boreQu@er@t
@ut@rchitecto
vit@eP@ri@tur!
animiExpedita!
repell@tAtque
nostrumMagn@m
laboreDolores
culpaIncidunt!
aut@rchitecto!
inConsequ@tur!
impeditBe@t@e!
vitaePariatur!
cupidit@teSit!
P@geAssumend@
sitReiciendis
nostrumLabore
modi@ccus@mus
qu@sCommodiId!
@nimiExpedit@!
accus@musSint!
quiArchitecto!
maioresMinima
H@ckingPython
volupt@temAut!
veniamLaborum!
omnisRepellat
autArchitecto!
enimM@iores@d
inciduntAutem!
P@ge@ssumenda
dictaPossimus
inciduntAutem
optioPorroSed
PageProvident
adipisciDolor!
sapienteS@epe!
quamVerit@tis
teneturVeniam
e@queIncidunt
cum@spern@tur
impeditBeatae
animiExpedita
qui@spernatur
l@boreQuaerat!
molesti@sSint!
molesti@eFug@
molesti@sQui@
isteMolesti@e
@ccus@musSint!
quasCommodiId
inventoreQuae!
l@boreQuaerat
errorQuisqu@m
P@ge@ssumend@
modi@ccus@mus!
molestiasQuia
blanditiisEum
vit@ePariatur!
m@ioresMinima!
vitaePariatur
aspernaturEum!
@dipisciDolor!
voluptasMagni
recus@ndaeEst!
PageQuibusd@m!
P@ge@ssumenda!
bl@nditiis@ut
recus@ndaeEst
officiaDolore
impeditBe@tae
molesti@sQuia
l@borumSoluta!
modi@ccusamus!
recusandaeEst
explic@boIure
dictaPossimus!
molestiasSint!
@ccus@musSint
@nimiExpedit@
voluptasMagni!
quiAspern@tur
voluptatem@ut
possimusMinus!
P@geAssumenda!
solutaTempor@!
veniamL@borum!
P@ge@ssumend@!
dict@Possimus
vit@ePari@tur!
nostrumMagnam!
laborumSoluta!
quiAspernatur
volupt@temSit
maioresMinim@
vit@ePari@tur
PageQuibusdam!
cupidit@teSit
eumVoluptates!
nostrumM@gnam!
repudiand@eEt!
Page@ssumenda!
PageAssumend@
estTemporibus
nostrumMagn@m!
qu@sCommodiId
vit@ePariatur
molesti@eFuga!
velitQuisquam!
qui@rchitecto!
culp@Incidunt
molestiaeFug@
modiAccusamus
nesciuntCulpa!
quamVeritatis!
fugitQuisqu@m!
voluptasM@gni!
bl@nditiisEum!
repudi@nd@eEt!
P@geQuibusdam
@ut@rchitecto!
eumVoluptates
molestiaeQuis!
blanditiis@ut!
bl@nditiis@ut!
ducimusSolut@
laboreQu@er@t
maioresMinim@!
teneturVeni@m!
P@geAssumenda
etDelenitiVel
