toledo
idi
consuelo
ess
nam
Qui
gusanito
asp
des
limpbizkit
ill
eri
quo
tae
har
sim
ver
Quo
Vol
exp
uun
petewentz
ern
ibu
ducky
sec
imu
Ex
err
pw123
yth
ue
ell
et
nat
golfer
brujita
duc
abo
sonic
vol
con
g-P
as
cum
it
und
m.
ad
o.
eiu
ass
Min
e.
zipper
ent
ndi
ips
pra
pro
mol
rep
Dol
Est
iloveluke
dig
pla
id
off
MIGUEL
tem
on
Aut
us
tii
hic
nda
tur
lab
vid
del
bea
iam
end
inlove1
odi
playboy69
darkstar
is.
44444444
a.
era
pa
si
nes
upt
lic
ate
iat
and
12345
eli
fernandes
or
rasmus
iur
at
uri
t.
parrot
sun
Cup
um
123456
spi
cip
eni
tot
123456789
ema
ut
karen1
sin
Rep
rup
smoking
leavemealone
qui
gen
privacy
squ
par
ali
cia
os
princess01
ume
iae
iloveyou
ea
Hac
ciu
ere
i.
ab
bus
il
Et
ear
ect
per
cea
eum
acc
ui
udi
ore
ori
qua
vel
Id
nt
Con
camilita
ias
eaq
non
que
ae
io
ima
inferno
bob
kookie
oxford
tet
eos
bla
oru
usa
ti
rer
um.
omn
exc
uat
atu
com
est
ur
mod
sed
eru
password
ita
osa
min
dis
is
biteme1
jayjay1
aut
por
ept
nis
ta
reh
tis
dic
in
fug
cor
kin
ici
cul
am
em
sit
nti
seq
dol
Ut
Eos
dam
ese
ist
tat
