g@m!f!cation.!
ch!edl!chsten?
g@m!fication.!
c0mp3t!tions,!
lk!t.Ent3ring$
g@mific@t!on.!
ziehung$w3i$3!
zi3hungsw3is3?
ch!3dl!chsten!
g@m!f!c@t!on.!
z!ehungsw3i$3$
len_n0d3.html!
lk!t.3nt3ring
c0mp3t!ti0n$,$
g@mif!c@t!0n.?
len_nod3.html
ziehungsw3i$3$
c0mpetiti0ns,?
g@mific@ti0n.
H@ck!ngPython!
chiedl!ch$ten
z!ehung$w3is3!
lkit.Enter!ng?
ziehung$we!se?
c0mp3t!t!ons,!
circum$tance,$
z!3hung$wei$e$
z!ehungswei$e$
gamific@t!on.?
ch!3dl!chsten?
g@mificati0n.?
v3rtr@ulichen?
z!ehungsw3!$3?
zi3hungsw3i$e!
ziehungswei$e
z!3hungswe!se
g@m!f!c@ti0n.$
zi3hung$we!$e$
gam!fic@tion.$
z!ehungswe!$3$
circum$t@nce,?
gamif!c@ti0n.
z!ehung$w3is3?
c0mpet!tion$,?
comp3titi0ns,?
gam!fication.?
g@m!f!c@t!0n.$
z!3hungsw3is3?
z!ehungswe!$3!
z!3hung$w3!s3?
comp3t!t!ons,?
zi3hungswe!se?
c0mpet!t!0ns,!
z!3hung$weis3
c0mp3tit!on$,
c0mpet!t!0n$,
g@mif!cati0n.?
gamif!c@ti0n.?
z!3hungswei$3?
gamificat!0n.?
ch!edlich$ten
ziehung$wei$3?
c!rcum$tance,!
HackingPython?
zi3hung$w3!se
g@m!f!cati0n.$
ziehung$w3i$3
g@m!f!c@tion.
vertraulich3n
c0mp3tit!0ns,$
comp3tit!0n$,$
gam!fic@t!0n.?
gamificati0n.$
c!rcumstance,$
zi3hung$wei$3?
gamific@ti0n.$
Hack!ngPyth0n!
z!ehung$w3!se?
g@mif!cat!0n.?
ziehung$w3ise$
Hack!ngPython$
comp3tition$,!
ziehung$weis3$
comp3t!ti0n$,$
z!ehungsw3!$e!
c0mp3t!tion$,?
c0mp3titi0ns,?
vertr@ul!ch3n
comp3t!tions,
c0mp3tition$,?
circumst@nce,!
len_node.html$
ziehungsweise$
c0mp3tition$,$
chi3dlichsten$
len_node.html
z!ehung$wei$e$
z!3hungswei$e?
z!3hungsw3!$e?
z!ehung$we!$e
g@m!ficat!0n.?
HackingPyth0n
vertraulichen?
chiedl!chsten$
z!ehungsw3!se$
l3n_n0de.html?
z!3hungsw3i$e!
c!rcumstanc3,?
z!ehung$w3!s3!
g@mif!c@t!0n.$
gam!fic@t!on.$
zi3hungsw3!se
v3rtr@ul!chen
gam!f!cat!on.?
zi3hungsw3ise
len_nod3.html?
chi3dlich$t3n?
g@mificat!0n.
lk!t.3nt3r!ng?
ch!3dlich$t3n?
ziehungswe!$3?
competit!on$,?
g@m!fic@tion.?
circumstance,
chi3dl!chst3n$
zi3hungsw3!$e!
c0mp3t!t!0ns,!
g@mific@tion.?
z!3hungsw3ise$
ziehung$wei$3!
ch!3dl!ch$t3n
z!ehung$wei$e?
ziehungsw3!$3
gamific@t!0n.
gamificati0n.?
z!ehungsweis3?
c0mp3t!tions,
competit!0n$,!
zi3hungswei$3?
lk!t.3nter!ng?
compet!ti0ns,?
z!3hungswe!$3$
g@mif!cat!on.!
comp3tit!0n$,!
c0mp3t!ti0ns,
c0mpet!tions,!
g/what-!s-ctf
comp3t!tions,?
HackingPython
c0mp3t!t!0n$,$
ch!edlichst3n$
zi3hung$weis3
lk!t.3nt3r!ng!
chi3dlichsten?
gam!ficati0n.?
ziehung$w3i$e?
H@ck!ngPyth0n$
c0mpetit!on$,
ziehung$w3is3!
chi3dlichsten
lkit.3nt3r!ng!
gam!fic@t!0n.!
z!ehungswei$e!
z!3hung$we!s3$
z!ehungsw3ise?
z!3hungswe!se$
len_n0d3.html$
ziehung$w3i$e
gam!fic@tion.?
len_nod3.html!
z!3hung$w3!se$
c0mp3t!t!0ns,?
z!3hung$we!$3!
ch!3dl!ch$ten?
c0mpet!ti0ns,$
z!3hungswe!$e$
ziehung$we!se$
c0mpet!t!on$,!
lkit.Ent3r!ng$
c!rcumst@nc3,!
circum$t@nce,!
zi3hung$w3!$e?
chi3dl!chsten!
c0mpetiti0n$,?
l3n_n0de.html$
g@m!f!cat!on.$
zi3hungsw3!$e
g@mif!c@t!on.?
z!ehung$we!$e!
g@m!fic@ti0n.$
z!ehungsw3!s3
c0mpetit!0ns,$
gamificat!on.$
zi3hungswei$3!
gam!ficati0n.
circumst@nce,$
chiedl!chsten?
v3rtr@ulichen
c0mp3tition$,
ch!3dlichsten?
g@m!f!cati0n.!
ziehung$w3ise?
lk!t.Enter!ng$
c0mp3titi0n$,
g/what-!s-ctf?
ziehung$w3!s3!
H@ckingPyth0n?
ziehungsweis3!
z!ehung$w3!s3
ziehung$weis3!
chi3dl!ch$ten?
gam!f!c@t!on.?
z!ehungswei$e?
c0mpet!ti0n$,
comp3t!t!on$,?
ch!edl!ch$t3n$
c0mpet!t!ons,
gamific@tion.?
circum$t@nce,
lkit.Ent3ring$
competit!ons,!
ziehungswei$3!
circum$tance,!
gamific@t!on.
z!3hung$w3!$3
z!3hung$w3is3$
v3rtraul!ch3n?
gam!f!c@ti0n.?
ch!edlich$ten?
z!3hung$w3is3?
g/wh@t-is-ctf
lk!t.Ent3r!ng$
zi3hung$w3!$3
c!rcum$t@nce,?
g@m!ficati0n.?
v3rtraul!ch3n!
z!3hung$w3ise$
z!ehung$w3i$3!
z!ehungsw3i$e
gamif!c@t!0n.
v3rtraul!chen?
gam!f!cat!on.
c0mpet!tions,?
lkit.3nt3ring?
ziehungswei$e!
len_n0d3.html?
g/what-!s-ctf!
ziehung$wei$3
z!ehung$we!se
c0mp3titi0ns,$
c0mpetition$,?
g@mific@t!on.
z!3hungsw3i$e
gamificat!on.
z!3hungsw3is3!
ziehung$w3ise
zi3hungsweise!
g@mif!c@ti0n.?
chi3dl!chsten?
circumst@nc3,$
lk!t.3ntering!
zi3hungsw3!se?
v3rtraul!chen$
v3rtraulich3n?
H@ck!ngPyth0n?
chi3dl!chsten$
zi3hung$w3i$3!
c0mp3t!t!0n$,!
HackingPython!
v3rtraulich3n
comp3t!t!0n$,?
g@mif!c@tion.
compet!ti0n$,$
ch!3dl!ch$ten$
gamificat!on.?
v3rtr@ulich3n?
chiedl!ch$ten?
zi3hungsweis3!
z!3hung$w3i$e!
c!rcumstance,?
compet!ti0ns,
competition$,
ziehung$we!s3$
zi3hungsw3i$3$
g@m!f!c@tion.!
ziehungswe!$3$
gamification.!
v3rtraul!ch3n
z!3hungsw3!$3!
ziehungsw3!se
ch!3dlich$t3n!
len_nod3.html$
g@mif!c@ti0n.$
z!ehungswei$3?
c0mp3t!tion$,!
chi3dl!ch$ten
g@m!ficat!on.?
z!ehungsweis3
g@mification.$
ch!edl!ch$ten
lkit.Enter!ng!
comp3titi0n$,!
chiedlich$ten?
zi3hungsw3!$3$
comp3titions,!
g/wh@t-i$-ctf!
chiedlichsten$
c0mp3t!tions,$
lk!t.Entering!
competiti0ns,!
z!ehungswe!s3?
comp3tit!0ns,$
g@mif!c@tion.?
gam!f!cat!0n.!
c0mpetit!on$,!
z!3hungsweis3$
z!3hung$w3i$3?
g@mificat!on.
zi3hung$w3!$e!
z!3hung$we!$e
c0mp3t!t!0n$,?
g/wh@t-!s-ctf?
ziehung$w3!s3$
g/wh@t-!s-ctf!
ziehungsw3ise?
c0mpet!t!ons,!
comp3titi0n$,
v3rtraulichen!
z!3hungswe!$e?
z!3hungswei$3
z!ehung$weis3
zi3hungsw3!$3?
g@m!f!c@t!0n.?
lkit.Ent3r!ng?
c0mpet!tions,
g@mif!cation.$
z!ehungsw3i$e!
gam!f!c@t!0n.$
c!rcum$t@nce,!
z!ehungsw3ise!
gamific@tion.!
zi3hung$we!se!
g@mificati0n.
g@m!fic@ti0n.!
comp3t!t!0n$,!
zi3hung$we!se
circumstanc3,!
g@m!fic@tion.
z!ehungswe!$e
z!3hungsw3!s3!
zi3hungsweis3?
z!ehung$w3i$3?
vertraulichen
c0mpetit!ons,?
vertraul!chen?
v3rtr@ulichen!
ziehungsw3i$e!
zi3hung$wei$3$
g/wh@t-i$-ctf$
len_n0d3.html
competit!ons,$
ziehungswei$e?
z!ehung$w3is3
z!ehung$w3i$3
zi3hung$wei$3!
compet!tion$,
compet!ti0n$,
ch!3dl!chst3n!
zi3hungswe!s3?
zi3hung$weise
gamif!c@tion.
c0mp3titi0ns,!
ziehung$weis3?
ziehung$w3i$e$
z!3hungswe!se!
chi3dl!ch$ten!
chi3dl!chst3n!
g@m!fic@t!0n.?
zi3hung$w3i$3?
zi3hung$we!$3!
c0mpetition$,!
ch!edlichst3n?
z!ehung$w3!se$
zi3hungswe!$3
comp3tit!ons,?
g@m!f!cat!0n.
g@mif!c@ti0n.!
ziehung$w3i$3$
g@m!ficat!0n.
g/what-i$-ctf
comp3titi0ns,$
g@m!fic@tion.!
z!3hungsw3ise?
z!ehungsw3i$3
z!ehung$w3i$e
gam!f!cation.!
circum$tanc3,
c!rcum$t@nc3,
HackingPyth0n!
z!ehungsw3!$3
Hack!ngPyth0n
g@mific@tion.!
c0mp3t!t!on$,!
ziehungsw3!s3
z!3hung$w3!s3!
g/what-!$-ctf
gam!fication.!
gamif!c@t!on.?
vertraul!ch3n!
l3n_nod3.html
z!ehung$weise?
z!ehung$we!s3?
g@m!f!cation.?
gam!fic@t!on.!
ziehung$w3i$3?
comp3tit!0ns,?
gamif!cat!0n.$
zi3hung$we!se$
lkit.Ent3r!ng!
ziehung$w3!se
ziehung$we!s3
ziehungsw3!$e?
ziehung$we!se!
z!ehung$w3!$e
l3n_node.html
vertr@ul!chen!
comp3titions,
comp3tit!on$,!
comp3titions,$
zi3hungswe!$e
circumstance,?
len_n0de.html
compet!t!0n$,$
ch!3dl!ch$t3n?
g@mif!cat!on.?
ziehung$w3!$3
c!rcumst@nce,?
chiedl!chst3n
z!ehungsw3!$3$
gamif!c@t!on.
c0mpetiti0ns,!
lkit.Ent3ring?
z!ehung$w3ise?
l3n_node.html$
gam!f!c@tion.$
z!3hungsw3ise
z!3hungsweise?
ziehungsw3!se!
c0mp3tit!on$,?
gamif!cat!on.?
zi3hungswe!se
z!ehung$weis3!
zi3hung$w3!se!
z!3hung$wei$3
lkit.Ent3r!ng
competiti0n$,
z!3hung$w3!$3$
z!3hung$we!$3$
c0mpet!t!0ns,$
g@mif!cati0n.!
chiedl!ch$t3n$
zi3hungsw3i$e?
c!rcumstanc3,$
z!3hungsweise
chi3dlich$ten?
z!ehung$we!se?
vertr@ulich3n
chi3dl!chst3n?
z!ehung$w3!$e?
zi3hungswe!$e$
zi3hungsw3i$3?
g/what-!$-ctf$
ch!edl!ch$t3n!
compet!t!0n$,?
ziehung$w3!$3!
c0mpetit!0n$,
ziehungswe!se
ziehung$w3is3
v3rtr@ulich3n!
g@mif!c@t!on.
z!ehung$w3ise
compet!ti0n$,?
z!ehungswei$3
lk!t.3ntering$
v3rtraul!ch3n$
c0mp3tit!0ns,!
circum$t@nc3,!
z!3hung$w3!s3
c0mp3tit!on$,!
g@mification.?
z!ehungswe!s3
z!ehung$we!$3?
ch!3dlichsten
comp3titi0n$,$
ziehung$w3!$e?
c!rcumst@nc3,$
z!3hung$we!$e?
chi3dlich$t3n$
lk!t.Entering
compet!t!0n$,!
circumst@nce,
c0mp3tit!0n$,$
gam!fication.$
g@m!f!cation.
lk!t.Ent3ring
c0mpetit!0ns,?
gam!ficat!on.
gamificat!on.!
comp3t!tions,!
z!3hungsweis3!
z!ehung$we!$3
zi3hung$we!$3
l3n_nod3.html!
c0mp3tit!0n$,?
z!3hungswe!s3?
circumst@nc3,?
c0mpet!tion$,
comp3titions,?
l3n_n0d3.html?
ziehung$w3is3?
ziehung$wei$e$
z!ehung$w3!se!
z!ehungsw3is3!
z!ehung$w3!$3
circum$t@nce,$
zi3hungswe!s3!
g@m!f!cat!on.
c!rcum$t@nce,
vertraulich3n$
ch!3dlich$ten$
chiedl!chst3n?
z!ehungswe!$e!
vertraulich3n?
zi3hung$w3!$e
gamification.?
zi3hungswei$e?
lkit.Entering!
ch!3dlichsten$
zi3hung$weis3!
g@mif!c@t!0n.!
chiedlichsten!
zi3hungsw3!s3
gamificati0n.!
circumstance,!
z!ehungswei$3!
gamif!cat!0n.
comp3t!t!0ns,
c0mp3t!t!on$,
comp3t!t!ons,$
gamif!c@ti0n.!
c0mp3titions,
ziehungsw3is3$
g@mif!c@t!on.!
z!ehungsw3!se!
ziehung$we!$e$
zi3hungswe!s3
g@m!f!cat!on.!
lkit.3nt3ring!
z!ehungsw3is3$
gam!f!cation.?
ch!edlichsten$
compet!t!on$,
c0mpet!ti0ns,!
ch!edl!chsten
v3rtr@ul!ch3n!
g@m!ficati0n.!
ziehungsweis3?
z!3hung$wei$e?
vertr@ulich3n!
gamif!c@ti0n.$
Hack!ngPyth0n$
z!3hung$w3i$e$
ziehung$we!se
z!3hungsweis3?
z!ehung$w3!$e!
gamif!cat!0n.?
l3n_n0d3.html!
c0mp3tit!ons,!
compet!tions,
z!ehung$w3ise$
g@mificati0n.!
vertraul!chen$
gam!f!c@tion.?
c0mpet!t!on$,?
competiti0n$,?
gamification.
comp3t!t!ons,!
g@m!fic@t!0n.$
ziehung$w3i$e!
c!rcum$tanc3,$
v3rtr@ulich3n
lkit.3nt3r!ng?
gamif!c@t!0n.$
z!ehungsw3!$3!
chiedl!ch$t3n?
lk!t.3nter!ng!
g@mific@t!0n.!
comp3tit!0ns,!
g/what-i$-ctf?
zi3hungsw3!se!
lkit.3nter!ng
z!ehung$w3i$3$
Hack!ngPython?
z!3hung$we!$e$
H@ckingPyth0n
gam!f!c@t!0n.!
zi3hung$w3!se$
circum$tanc3,!
ziehungsw3is3
z!3hung$w3!$3?
v3rtr@ulichen$
zi3hung$w3!$3$
gamific@ti0n.?
ch!3dl!chsten$
gamific@t!0n.?
z!ehungsweis3!
H@ck!ngPython$
z!ehungsw3!$e?
ziehung$weise$
c0mp3tit!on$,$
zi3hungsw3!se$
lkit.3nt3ring$
ch!edl!chst3n$
H@ckingPyth0n!
gamific@ti0n.
g@mificat!on.!
chiedlich$ten$
gamif!cati0n.
gam!f!c@tion.
ziehungsw3!$3!
circumstanc3,$
ziehungsw3!$e$
ch!3dlich$ten?
comp3t!ti0n$,!
g@m!ficat!0n.!
compet!t!ons,
z!3hung$wei$3?
gam!ficati0n.$
c0mpetit!0n$,!
ch!edl!ch$ten!
z!3hung$w3i$3$
gamif!c@tion.$
g@mific@t!on.?
gam!f!cation.
H@ck!ngPython
competiti0ns,$
z!ehungsweis3$
lk!t.Ent3r!ng?
g@mif!cat!0n.
lkit.3nter!ng$
ziehungsw3i$e$
z!3hungsw3!se?
g@m!f!cation.$
c0mp3tit!0ns,?
z!ehung$wei$3
c0mp3t!ti0n$,
z!3hungsw3ise!
chiedlichsten?
gamific@t!0n.!
ch!3dl!ch$ten!
lk!t.Enter!ng?
c0mpetit!0n$,?
c0mpetiti0n$,!
g@mification.
z!3hung$w3!se!
compet!ti0n$,!
HackingPyth0n?
H@ckingPython!
g@m!f!c@ti0n.
c0mp3tition$,!
c!rcumstanc3,
z!ehungsw3i$3?
z!3hung$wei$e
lk!t.3nt3ring$
ch!3dl!chst3n$
g@m!f!c@t!on.
z!3hungsw3!$e$
g@m!f!cati0n.?
gam!fic@ti0n.$
g@m!fic@t!on.
ziehungsw3is3!
g@mif!c@ti0n.
gam!f!cati0n.
compet!t!0ns,!
c0mpetiti0ns,$
comp3t!ti0ns,!
c0mpetit!ons,$
g@mificat!0n.?
c0mp3t!t!0n$,
ziehungswe!$3!
vertr@ul!ch3n$
c0mp3tit!0ns,
ch!edlichst3n!
zi3hungsweise$
ziehungswei$3?
c0mpetiti0ns,
gam!ficat!0n.$
z!3hungswei$e$
ch!edlichsten?
g/what-i$-ctf!
c0mpet!ti0ns,?
g@mificat!0n.!
ziehung$w3!s3
comp3t!t!on$,
g@m!fic@ti0n.?
zi3hung$weise?
c0mp3titi0n$,$
lkit.3ntering?
lkit.Ent3ring!
gam!fication.
c!rcumstance,
z!3hungswe!s3!
ziehungsw3i$3
H@ck!ngPython?
l3n_node.html!
zi3hung$w3is3?
z!3hung$we!s3!
c0mpetit!ons,
zi3hungswei$e$
v3rtraul!chen
z!ehungsw3!$e$
H@ckingPython$
competit!0n$,$
c!rcum$tance,
z!3hung$weise!
ch!3dl!ch$ten
c0mpetitions,
z!3hung$we!$3
c0mp3tit!ons,?
gam!ficat!on.$
gam!fic@t!0n.
competit!0n$,
gam!f!cat!on.!
z!3hungswei$e!
zi3hungsw3!s3?
circumst@nc3,!
H@ckingPython?
g/wh@t-is-ctf?
lk!t.3nt3r!ng
lkit.3ntering$
ziehungsweise?
g@mificat!on.$
z!ehung$we!s3$
gam!f!cation.$
ch!3dl!chsten
z!ehungsw3i$3!
zi3hungsweise?
zi3hung$w3!$3?
ziehungsw3ise
ch!3dlichst3n!
c0mpet!tions,$
zi3hungsw3!$3!
competit!0ns,$
g@mif!cation.?
c!rcum$t@nce,$
competit!0n$,?
comp3t!t!0n$,$
ziehungswei$e$
v3rtraulichen?
z!ehung$weise!
zi3hung$w3i$e?
c0mp3t!ti0n$,!
g@m!fic@ti0n.
circum$tanc3,?
lkit.3ntering
g@m!f!cat!0n.!
c0mp3t!ti0n$,?
vertr@ulichen$
g@mific@ti0n.?
gamif!cat!on.
ziehungsweis3
z!ehung$w3i$e?
l3n_n0d3.html
z!ehungswe!s3!
gamific@ti0n.!
gamif!cation.$
g@m!fication.?
lk!t.3ntering
compet!tions,!
competit!0ns,?
l3n_nod3.html$
chiedl!chst3n!
vertraul!ch3n$
c0mpetit!0ns,
c0mp3tit!ons,
chiedl!ch$t3n
gam!f!cati0n.!
c!rcum$t@nc3,?
c0mp3titions,?
vertr@ul!chen$
z!ehung$we!s3
ziehungsw3is3?
z!ehung$w3is3$
z!3hungsweise!
ziehung$we!$3
c0mpetit!0n$,$
ziehungsweise
circum$tance,?
gamific@tion.$
g/wh@t-!$-ctf?
z!ehungsw3!s3?
competitions,!
chi3dlich$ten$
z!3hung$w3!se?
g@mif!cati0n.$
lk!t.3nter!ng
v3rtr@ul!ch3n
g/what-is-ctf
ziehung$w3!$3?
lkit.Ent3ring
z!3hung$we!s3
ch!edl!chsten$
comp3t!tions,$
zi3hungsw3!s3!
z!ehungswe!se
gam!fic@ti0n.
gam!f!c@ti0n.!
l3n_nod3.html?
g@m!f!cat!0n.$
g/wh@t-is-ctf$
comp3tition$,
ch!edl!chst3n?
ziehungswe!se$
zi3hung$w3!s3?
ch!3dl!chst3n
z!ehung$w3ise!
z!3hung$w3!s3$
z!3hung$w3!$e$
c0mpetition$,
l3n_node.html?
z!3hungsw3!$3?
z!ehungswe!$3?
c0mpet!t!ons,?
ziehung$w3!$e!
zi3hungsw3!$e?
ziehung$we!$3$
zi3hungsweise
ziehungsw3!s3!
c0mpet!ti0ns,
g/wh@t-!s-ctf$
circumst@nce,?
vertraulichen$
gam!f!c@ti0n.$
lkit.Entering$
v3rtr@ul!chen?
zi3hung$w3i$e
vertr@ul!ch3n?
ziehungswe!$3
c!rcumstanc3,!
comp3t!t!0ns,?
c0mpetition$,$
ziehung$we!$e!
c!rcumst@nce,
gamif!cat!on.$
zi3hungsw3is3!
circum$t@nc3,
ch!edlichsten
lkit.Entering
ziehungswe!s3?
zi3hungswe!$e?
HackingPyth0n$
vertr@ul!chen
z!3hung$weise$
lkit.3ntering!
g@mificat!on.?
l3n_n0de.html
lkit.Entering?
z!ehungsw3is3?
z!ehung$we!$3$
g@m!f!c@ti0n.?
g@mif!cat!0n.!
chi3dlich$ten
g@mif!cation.
vertraul!ch3n
gam!f!c@tion.!
g@m!fic@tion.$
zi3hung$w3i$e$
c0mpet!ti0n$,?
compet!t!0ns,?
circumstanc3,?
ziehungsweise!
chiedlichsten
c!rcum$tanc3,!
z!3hungswe!s3$
comp3t!tion$,$
competiti0ns,
zi3hung$w3ise?
ziehungswe!$e?
chi3dl!ch$t3n
ziehungsw3ise!
z!3hung$weise?
g@m!fic@t!on.$
ch!edl!ch$ten?
z!ehungsw3!s3!
gam!f!cat!on.$
g@m!fic@t!0n.
c!rcum$tanc3,
c0mp3t!t!ons,
ziehung$weise!
zi3hung$w3is3$
zi3hung$we!$e?
ziehungsw3!se?
zi3hungsw3ise!
circumstance,$
ziehung$we!$e?
z!ehung$w3!$3!
ziehung$w3!$3$
gamificati0n.
g@m!ficat!on.$
g@mific@t!0n.?
ch!edl!ch$t3n
zi3hungswe!s3$
g@mific@t!on.$
c0mp3titions,$
ziehung$wei$e
gamif!cat!0n.!
z!ehungswe!$e$
ch!edl!chst3n
ziehung$wei$e?
comp3tit!0ns,
zi3hung$we!s3!
c0mp3titi0n$,?
zi3hung$we!$3$
comp3tit!ons,$
z!3hung$we!s3?
vertraulich3n!
g@m!f!c@t!0n.
ch!edlich$t3n!
ch!edl!chst3n!
z!3hungswe!$3?
c0mp3t!t!ons,$
gamific@tion.
HackingPython$
g@m!f!c@t!on.?
zi3hung$wei$e
ziehungswe!s3
z!3hungsw3is3
zi3hungswe!$3?
lk!t.Ent3ring?
zi3hung$we!s3$
v3rtraulich3n$
z!3hungswe!$3
z!3hungsw3i$3$
g/wh@t-!s-ctf
ziehungswei$3
g@m!ficat!0n.$
competiti0n$,$
competiti0ns,?
zi3hungswe!$3$
z!3hungsweise$
z!3hung$w3ise!
g/what-is-ctf$
z!ehung$w3!$3?
g@m!f!cat!on.?
chiedl!ch$ten$
comp3t!t!on$,$
c0mp3t!t!ons,?
competit!on$,
g@mificat!0n.$
c0mpetiti0n$,$
g@m!fication.$
zi3hungsw3i$e
c0mp3tit!0n$,
g@m!f!c@t!0n.!
comp3tition$,?
zi3hungswe!se$
chiedlich$ten!
ch!3dlichst3n$
gam!ficati0n.!
c0mpetiti0n$,
z!3hung$w3is3
compet!t!ons,?
g@mific@tion.
z!3hungsweis3
z!ehung$w3!s3$
g/what-!s-ctf$
Hack!ngPython
z!3hung$w3is3!
z!ehung$w3!se
gamif!c@tion.?
z!ehungsweise
ziehungsweis3$
ch!3dl!ch$t3n!
gamif!cati0n.!
z!3hungsw3i$e$
c0mpet!tion$,!
z!ehung$wei$e
compet!ti0ns,$
compet!tions,?
zi3hungsw3is3$
ziehungswe!$e
zi3hung$we!$e
z!3hungsw3i$3!
vertraul!chen
comp3titi0n$,?
ziehungsw3!s3?
zi3hung$w3i$e!
c0mp3t!tion$,
z!3hung$we!se?
z!3hungsw3!$e
ch!edlich$t3n$
lk!t.3nter!ng$
g/wh@t-!$-ctf
z!ehungsw3!$e
ziehungswe!$e!
z!ehungswe!se?
c0mp3t!tions,?
gamif!c@t!on.!
gam!fic@t!on.
g@m!f!c@tion.?
zi3hungswei$e
gam!ficat!on.!
zi3hung$we!$3?
ziehung$wei$e!
g@mif!c@tion.$
z!3hung$we!se$
gamif!c@t!0n.!
ch!edl!ch$t3n?
zi3hungsw3i$3!
zi3hung$wei$e$
z!ehungswe!$e?
gamif!cation.?
len_node.html!
chiedl!ch$ten!
z!ehung$w3!$3$
z!ehungsw3ise$
z!3hungsw3!$3$
g/wh@t-!$-ctf!
lkit.Enter!ng$
z!ehungsweise?
gam!f!cat!0n.?
z!ehungsw3!se?
chi3dlich$ten!
chi3dl!ch$t3n!
chi3dl!ch$t3n$
competition$,?
g@m!fic@t!on.!
z!3hung$wei$e!
z!ehung$wei$3$
c0mpetit!ons,!
v3rtr@ul!chen$
lk!t.Entering$
comp3t!t!ons,
g/what-is-ctf!
c0mpet!ti0n$,!
c!rcum$t@nc3,$
ch!3dlich$ten
chi3dlichst3n?
comp3tition$,$
compet!t!on$,?
gamif!cat!on.!
lk!t.3ntering?
ziehung$w3!s3?
len_n0de.html$
z!ehung$wei$3!
compet!t!ons,!
z!3hungswei$e
ziehung$w3!se?
ch!3dlichsten!
z!ehungswei$3$
g/what-i$-ctf$
vertr@ulichen
zi3hungswe!$e!
circumst@nc3,
z!3hung$w3ise?
zi3hung$we!se?
lk!t.Enter!ng
chi3dlich$t3n!
z!ehungsw3is3
lkit.3nt3r!ng
ziehungswe!se!
len_n0de.html!
vertraulichen!
ch!edlich$ten!
zi3hungswei$e!
gamif!cation.!
c0mp3t!ti0ns,?
lkit.3nter!ng?
zi3hung$w3!$3!
lk!t.3nt3ring!
chiedlichst3n!
chiedl!chsten
v3rtr@ul!ch3n?
gamification.$
ch!3dlich$t3n$
c0mpet!t!on$,$
z!3hungsw3!$3
g/what-!$-ctf!
g@mif!c@tion.!
zi3hung$w3ise$
ziehung$w3!$e
lkit.3nter!ng!
zi3hungsw3!$e$
ziehungsw3i$3!
ch!edl!chsten!
g@mific@ti0n.!
gam!f!c@t!on.$
z!3hungswe!$3!
comp3tit!0n$,
ziehung$we!$e
c0mpetit!on$,$
zi3hungsw3!$3
zi3hung$w3ise
ziehung$wei$3$
g/wh@t-i$-ctf
z!3hung$w3i$3!
z!ehung$wei$3?
zi3hung$w3!se?
chiedlich$t3n?
g@mif!cat!on.$
compet!tion$,$
comp3t!ti0ns,$
gam!ficat!0n.
ziehungsw3!$3?
v3rtr@ul!chen!
c0mpet!ti0n$,$
comp3titi0ns,
competition$,$
ziehungsw3!$3$
z!3hungsw3!se
z!ehung$weise
gamif!cati0n.?
z!ehungsw3!s3$
z!3hungsw3!s3$
z!3hung$weis3!
lkit.Enter!ng
competit!0ns,
chiedlich$t3n!
c!rcumst@nce,!
z!3hung$we!$3?
ch!3dl!chst3n?
gam!f!cati0n.?
ziehung$weis3
zi3hung$w3i$3
c0mpetitions,!
gam!f!c@t!on.
z!3hungswei$3$
lk!t.Enter!ng!
zi3hung$w3!s3!
c0mp3tit!0n$,!
z!ehung$w3i$e!
zi3hung$weise$
g@m!f!c@ti0n.!
comp3titi0ns,!
z!3hungswe!$e
c0mp3t!tion$,$
c0mp3titi0n$,!
chiedlichst3n$
c!rcum$t@nc3,!
z!3hungsw3i$3?
comp3tit!on$,$
ziehung$we!s3?
z!3hungsw3!$e!
c0mpet!t!0n$,!
c0mpetit!on$,?
z!ehung$w3!s3?
g@mific@tion.$
z!ehung$we!$e?
gamificat!0n.$
g@mif!cat!0n.$
gam!fic@t!on.?
z!3hungswe!$e!
z!3hungswei$3!
l3n_n0de.html!
g@m!fic@t!on.?
gam!f!cati0n.$
comp3t!ti0n$,
z!ehung$weise$
v3rtr@ulich3n$
z!ehung$we!$e$
vertr@ulich3n$
gam!f!cat!0n.$
vertr@ulich3n?
ziehungsw3!$e
ch!edlichst3n
zi3hung$weis3?
z!3hungsw3!s3?
lkit.3nt3r!ng$
g@mification.!
z!ehungsweise!
zi3hung$w3i$3$
z!ehungswe!s3$
compet!t!0ns,
z!ehung$w3i$e$
ziehungswe!s3!
z!3hung$w3i$e
z!3hung$wei$3$
ziehung$we!s3!
z!ehungsw3i$e?
z!3hungsw3!se!
z!3hung$w3ise
compet!t!on$,!
ziehungswei$3$
c0mp3t!t!on$,$
z!ehung$wei$e!
lk!t.Ent3ring!
zi3hung$wei$e?
v3rtr@ul!ch3n$
ziehung$w3ise!
gamificat!0n.!
c0mpet!tion$,$
g@mific@ti0n.$
competitions,
z!ehungswe!se!
zi3hungsw3!s3$
competit!0ns,!
c!rcumstance,!
gamific@t!on.!
ch!3dlich$t3n
comp3t!t!0ns,!
ziehung$weise
comp3t!t!0n$,
ch!3dlichst3n
g/what-!$-ctf?
ziehungsw3ise$
g/wh@t-i$-ctf?
g@m!ficati0n.$
comp3t!ti0ns,?
circum$tance,
gamif!cati0n.$
competit!ons,
lk!t.Entering?
z!3hung$we!se!
lkit.3nt3ring
c0mpet!t!0ns,
gam!ficat!0n.!
gam!f!cat!0n.
c!rcum$tance,?
ziehungsw3!s3$
v3rtraulichen
H@ck!ngPyth0n
vertraul!ch3n?
H@ckingPython
chi3dl!chst3n
z!3hung$weis3$
zi3hung$weise!
gam!ficat!0n.?
chi3dl!chsten
z!ehungswe!$3
comp3tit!on$,
g@mificati0n.$
circum$t@nc3,$
z!3hungsw3i$3
compet!t!ons,$
gam!fic@t!0n.$
g@m!ficati0n.
ch!3dl!ch$t3n$
g@m!fic@t!0n.!
zi3hungsweis3$
c!rcumst@nc3,
compet!t!on$,$
ziehungsw3i$3?
z!3hungswe!se?
c0mpet!t!ons,$
zi3hungswe!$3!
gam!fic@ti0n.?
lk!t.Ent3r!ng!
z!3hung$w3!$e?
Hack!ngPython!
zi3hungsw3is3
g@mif!c@t!on.$
c0mp3t!t!0ns,
z!ehung$we!se!
c0mpet!t!on$,
z!ehungswei$e
chiedlich$ten
v3rtraulich3n!
z!3hung$w3!$e!
compet!t!0ns,$
z!3hungsw3is3$
chi3dl!ch$ten$
z!3hungswe!s3
ch!3dlich$ten!
zi3hung$we!s3
zi3hung$w3!s3
zi3hungsw3ise?
ziehungswe!$e$
compet!tions,$
comp3t!tion$,
H@ckingPyth0n$
len_n0de.html?
z!ehungswe!se$
competitions,$
zi3hung$w3!$e$
ziehungswe!se?
competit!on$,!
z!3hung$weise
c0mp3t!t!on$,?
comp3tit!0n$,?
chiedl!ch$t3n!
ziehung$w3is3$
ziehung$we!$3?
z!3hungsw3!s3
lk!t.Ent3r!ng
comp3t!ti0n$,?
gam!ficat!on.?
compet!ti0ns,!
comp3tit!ons,!
chi3dlichst3n$
vertraul!chen!
comp3t!t!on$,!
comp3tit!ons,
chiedlich$t3n
g/what-is-ctf?
ch!edlichsten!
z!ehungsw3ise
ch!edl!ch$ten$
z!ehungsw3i$e$
c0mp3t!ti0ns,$
z!3hung$we!se
ziehung$w3!se$
lk!t.3nt3r!ng$
gamif!c@t!on.$
z!3hung$w3!se
chi3dl!ch$t3n?
chiedlichst3n
z!ehungsw3!se
vertr@ulichen?
chiedlich$t3n$
ch!edlich$ten$
competit!on$,$
gam!fic@tion.!
zi3hung$w3!s3$
gamificat!0n.
comp3t!tion$,!
chi3dlichst3n
z!ehung$weis3$
c0mp3titi0ns,
l3n_n0d3.html$
z!3hung$w3i$e?
competitions,?
comp3t!tion$,?
ziehung$w3!$e$
c0mpetit!0ns,!
c0mpet!t!0ns,?
z!ehung$we!se$
z!ehung$weis3?
g@mif!cat!on.
c0mpet!t!0n$,$
zi3hungswei$3
g@mific@t!0n.
competit!ons,?
g@m!fication.
g@m!ficat!on.
zi3hungswei$3$
circumstanc3,
gamific@t!0n.$
zi3hung$we!$e!
lk!t.3nt3ring?
gam!f!c@t!on.!
c0mp3titions,!
c!rcumst@nc3,?
z!3hungsw3!se$
v3rtraulichen$
vertr@ul!ch3n!
g@m!f!c@tion.$
c0mpet!t!0n$,?
z!3hung$wei$3!
len_node.html?
gam!fic@ti0n.!
c0mp3t!ti0ns,!
competition$,!
z!ehung$we!$3!
g@mif!c@t!0n.
gamific@t!on.$
ch!edlich$t3n?
zi3hung$wei$e!
zi3hung$weis3$
gam!f!c@ti0n.
comp3t!t!0ns,$
gamif!c@tion.!
chi3dlichsten!
c!rcumst@nce,$
ziehungsw3i$e?
ziehung$we!$3!
z!ehung$we!s3!
comp3t!ti0ns,
ch!3dlichst3n?
zi3hung$we!s3?
ch!edlich$t3n
g@m!f!cat!0n.?
z!3hung$w3i$3
circum$tanc3,$
c0mpetitions,$
c!rcum$tanc3,?
gamif!cation.
vertr@ulichen!
c!rcum$tance,$
g/wh@t-is-ctf!
zi3hungswe!se!
chiedl!chst3n$
zi3hung$w3ise!
compet!tion$,!
competiti0n$,!
zi3hung$w3is3!
g@mif!cation.!
z!ehung$w3!$e$
chi3dlich$t3n
z!3hung$w3!$3!
comp3tit!on$,?
ziehungsw3!$e!
chiedlichst3n?
zi3hungsweis3
g@mif!cati0n.
z!3hung$weis3?
c0mp3tit!ons,$
chi3dlichst3n!
g/wh@t-!$-ctf$
z!3hung$we!$e!
zi3hung$w3is3
Hack!ngPyth0n?
vertr@ul!chen?
g@m!f!cati0n.
gamif!c@t!0n.?
c0mpetitions,?
ziehungsw3!se$
circum$t@nc3,?
zi3hung$wei$3
ziehung$w3!se!
g@m!f!c@t!on.$
zi3hungsw3i$3
z!ehungsweise$
gam!fic@tion.
c0mp3t!t!0ns,$
g@mific@t!0n.$
compet!t!0n$,
zi3hungsw3i$e$
ziehung$weise?
ziehungsw3i$e
v3rtraul!chen!
ziehungswe!s3$
zi3hungsw3ise$
H@ck!ngPyth0n!
z!3hung$w3!$e
z!3hungsw3i$e?
gam!f!c@t!0n.
g@m!ficat!on.!
chiedl!chsten!
compet!tion$,?
gam!f!c@t!0n.?
