culpaIncidunt
PageProvident
repellatAtque
bl@nditiis@ut
voluptatemAut
sitReiciendis
quiAspernatur
laboreQuaer@t!
incidunt@utem
l@boreQu@er@t
laboreQuaerat
nostrumLabore
enimM@ioresAd!
animiExpedit@!
recusand@eEst!
vertr@ulichen!
@nimiExpedita!
@nimiExpedit@
PageQuibusdam
volupt@temSit!
modiAccus@mus
inventoreQu@e!
l@boreDolores
Page@ssumend@
accusamusSint
nostrumLabore!
ducimusSoluta
recusandaeEst!
nesciuntCulp@
adipisciDolor!
nostrumMagn@m!
HackingPython
laboreQuaer@t
quamVerit@tis
omnisRepellat!
PageProvident!
molesti@eQuis!
molestiaeFuga
repellat@tque
@utArchitecto
solut@Tempor@!
nostrumL@bore!
l@boreQu@erat!
ducimusSolut@
veni@mL@borum
molestiasQuia
sapienteSaepe
undeInventore
nostrumL@bore
volupt@tem@ut!
inConsequ@tur!
modi@ccus@mus
similiqueQuis
bl@nditiisEum!
voluptatem@ut
velVolupt@tem
vit@eP@ri@tur!
vitaeP@ri@tur!
qu@sCommodiId!
P@geProvident!
blanditiisEum!
molestiasSint
cum@spernatur
accus@musSint
veniamLaborum
P@geQuibusd@m!
bl@nditiisAut
blanditiis@ut!
qui@spern@tur
culpaIncidunt!
aspern@turEum
laboreQu@erat!
similiqueQuis!
omnisRepell@t
vit@ePari@tur
errorQuisqu@m!
cum@spernatur!
impeditBe@tae
nostrumM@gn@m!
m@ioresMinim@!
animiExpedita!
quiAspernatur!
molestiaeQuis
solutaTempora
Page@ssumenda!
@ccus@musSint!
aspernaturEum
possimusMinus
P@ge@ssumend@
P@geQuibusdam!
@ccus@musSint
H@ckingPython
reiciendisEum
voluptasMagni
eumVolupt@tes
explicaboIure!
enimM@ioresAd
qu@sCommodiId
explic@boIure!
cum@spern@tur
teneturVeni@m!
vit@ePariatur
molesti@sSint!
vit@ePari@tur!
l@boreQu@erat
explic@boIure
errorQuisqu@m
voluptatemAut!
repellat@tque!
incidunt@utem!
etDelenitiVel!
enimMaiores@d!
impeditBeatae
vitaePariatur
veniamL@borum!
e@queIncidunt
sapienteSaepe!
impeditBeat@e
cumAspern@tur!
laboreQu@erat
vit@eP@ri@tur
sapienteS@epe!
modiAccusamus
offici@Dolore
l@boreQu@er@t!
repellatAtque!
repell@tAtque
volupt@temAut!
@nimiExpedita
culp@Incidunt!
P@geProvident
P@geAssumenda
m@ioresMinima
P@ge@ssumend@!
eumVoluptates
inciduntAutem!
qui@rchitecto
P@geQuibusd@m
eaqueIncidunt
inciduntAutem
dictaPossimus
repell@t@tque
PageQuibusdam!
molesti@eFug@
vit@eP@riatur
inventoreQu@e
voluptasM@gni
molestiasQui@!
nesciuntCulpa
officiaDolore
possimusMinus!
modiAccus@mus!
velVoluptatem
velVoluptatem!
l@boreQuaerat
molesti@eFuga
molesti@eFug@!
cupidit@teSit
solut@Tempora
recus@nd@eEst
recusandaeEst
vertr@ulichen
sapienteS@epe
ducimusSoluta!
nostrumMagnam!
P@geQuibusdam
estTemporibus!
voluptasMagni!
inventoreQuae
recus@nd@eEst!
enimM@iores@d
vit@ePariatur!
accusamusSint!
vitaeP@riatur
voluptasM@gni!
quiAspern@tur!
quamVerit@tis!
fugiatDebitis
vertraulichen!
voluptatemSit
maioresMinim@!
quamVeritatis!
enimMaiores@d
vitaePariatur!
s@pienteS@epe!
qui@rchitecto!
@spernaturEum!
teneturVeniam!
PageAssumenda
qui@spern@tur!
eaqueIncidunt!
molesti@sQuia!
aut@rchitecto
recusand@eEst
quamVeritatis
laboreQu@er@t!
s@pienteSaepe!
l@boreDolores!
molesti@sSint
cupidit@teSit!
cumAspern@tur
isteMolesti@e!
fugi@tDebitis
errorQuisquam!
accus@musSint!
veniamL@borum
quasCommodiId
inConsequatur
impeditBe@t@e!
voluptatemSit!
quiArchitecto
fugi@tDebitis!
qu@mVeritatis
molestiaeQuis!
fugitQuisqu@m
quiAspern@tur
animiExpedita
@spernaturEum
molestiasSint!
maioresMinima
qui@spernatur
officiaDolore!
Page@ssumenda
maioresMinim@
repell@t@tque!
@spern@turEum!
vitaeP@riatur!
culp@Incidunt
@ccusamusSint!
molestiaeFuga!
@nimiExpedit@!
quiArchitecto!
isteMolestiae
qu@mVerit@tis
bl@nditiisAut!
impeditBe@t@e
repell@tAtque!
volupt@sM@gni!
laboreQu@er@t
volupt@temSit
reiciendisEum!
blanditiis@ut
P@geAssumend@!
teneturVeniam
vit@eP@riatur!
nostrumM@gnam!
@dipisciDolor!
veni@mLaborum!
aspernaturEum!
dict@Possimus!
l@boreQuaer@t!
cumAspernatur!
vitaePari@tur
impeditBeat@e!
fugitQuisqu@m!
etDelenitiVel
modi@ccusamus
adipisciDolor
PageQuibusd@m
@utArchitecto!
PageQuibusd@m!
teneturVeni@m
dictaPossimus!
@ut@rchitecto!
nesciuntCulp@!
volupt@sM@gni
enimMaioresAd
inConsequatur!
eumVolupt@tes!
providentSunt
P@ge@ssumenda!
s@pienteS@epe
veni@mLaborum
vertraulichen
qu@mVerit@tis!
fugitQuisquam!
nostrumMagnam
H@ckingPython!
blanditiisEum
dict@Possimus
HackingPython!
errorQuisquam
volupt@sMagni
qu@mVeritatis!
molesti@eFuga!
eumVoluptates!
cumAspernatur
nostrumM@gn@m
bl@nditiisEum
veni@mL@borum!
offici@Dolore!
impeditBe@tae!
laboreDolores!
volupt@sMagni!
aspern@turEum!
@ut@rchitecto
@dipisciDolor
aut@rchitecto!
velVolupt@tem!
P@ge@ssumenda
explicaboIure
molestiasQuia!
cupiditateSit!
voluptatem@ut!
cum@spern@tur!
@ccusamusSint
laboreDolores
molestiaeFug@!
solut@Tempor@
qui@spernatur!
modiAccusamus!
modi@ccusamus!
inConsequ@tur
m@ioresMinima!
autArchitecto
laboreQuaerat!
isteMolestiae!
quasCommodiId!
autArchitecto!
cupiditateSit
fugiatDebitis!
enimM@iores@d!
ducimusSolut@!
blanditiisAut
modi@ccus@mus!
l@boreQuaerat!
molestiaeFug@
l@boreQuaer@t
solut@Tempora!
estTemporibus
veniamLaborum!
molesti@sQui@
animiExpedit@
vitaeP@ri@tur
isteMolesti@e
m@ioresMinim@
nostrumMagn@m
optioPorroSed
optioPorroSed!
nesciuntCulpa!
omnisRepellat
omnisRepell@t!
recus@ndaeEst!
undeInventore!
P@geAssumenda!
s@pienteSaepe
volupt@tem@ut
recus@ndaeEst
fugitQuisquam
molesti@sQuia
vitaePari@tur!
inventoreQuae!
molesti@eQuis
sitReiciendis!
P@geAssumend@
solutaTempora!
providentSunt!
blanditiisAut!
PageAssumend@!
@spern@turEum
maioresMinima!
e@queIncidunt!
PageAssumend@
impeditBeatae!
PageAssumenda!
solutaTempor@!
molesti@sQui@!
Page@ssumend@!
enimMaioresAd!
volupt@temAut
molestiasQui@
bl@nditiis@ut!
solutaTempor@
nostrumM@gnam
